Java HotSpot(TM) 64-Bit Server VM (25.333-b02) for bsd-amd64 JRE (1.8.0_333-b02), built on Apr 26 2022 06:41:53 by "java_re" with gcc 4.2.1 Compatible Apple LLVM 11.0.0 (clang-1100.0.33.17)
Memory: 4k page, physical 16777216k(46932k free)

/proc/meminfo:

CommandLine flags: -XX:CompressedClassSpaceSize=2097152 -XX:+HeapDumpOnOutOfMemoryError -XX:HeapDumpPath=./ -XX:InitialHeapSize=268435456 -XX:MaxHeapSize=4294967296 -XX:MaxMetaspaceSize=10485760 -XX:MaxNewSize=872415232 -XX:MaxTenuringThreshold=6 -XX:MetaspaceSize=10485760 -XX:OldPLABSize=16 -XX:+PrintGC -XX:+PrintGCDetails -XX:+PrintGCTimeStamps -XX:+UseCompressedClassPointers -XX:+UseCompressedOops -XX:+UseConcMarkSweepGC -XX:+UseParNewGC 
0.790: [GC (Allocation Failure) 0.790: [ParNew: 69952K->1930K(78656K), 0.0032181 secs] 69952K->1930K(253440K), 0.0033675 secs] [Times: user=0.02 sys=0.00, real=0.01 secs] 
1.168: [GC (Allocation Failure) 1.168: [ParNew: 71882K->2707K(78656K), 0.0046454 secs] 71882K->2707K(253440K), 0.0047635 secs] [Times: user=0.02 sys=0.00, real=0.01 secs] 
1.259: [Full GC (Metadata GC Threshold) 1.259: [CMS: 0K->2363K(174784K), 0.0831992 secs] 20362K->2363K(253440K), [Metaspace: 8925K->8925K(1058816K)], 0.0833719 secs] [Times: user=0.15 sys=0.03, real=0.08 secs] 
1.342: [Full GC (Last ditch collection) 1.343: [CMS: 2363K->1325K(174784K), 0.0176211 secs] 2363K->1325K(253504K), [Metaspace: 8925K->8925K(1058816K)], 0.0178097 secs] [Times: user=0.04 sys=0.01, real=0.02 secs] 
1.361: [GC (CMS Initial Mark) [1 CMS-initial-mark: 1325K(174784K)] 1325K(253504K), 0.0003559 secs] [Times: user=0.00 sys=0.00, real=0.00 secs] 
1.361: [CMS-concurrent-mark-start]
1.386: [Full GC (Metadata GC Threshold) 1.386: [CMS1.389: [CMS-concurrent-mark: 0.004/0.028 secs] [Times: user=0.08 sys=0.01, real=0.03 secs] 
 (concurrent mode failure): 1325K->1325K(174784K), 0.0150306 secs] 2025K->1325K(253504K), [Metaspace: 8917K->8917K(1058816K)], 0.0151583 secs] [Times: user=0.04 sys=0.00, real=0.01 secs] 
1.401: [Full GC (Last ditch collection) 1.401: [CMS: 1325K->1324K(174784K), 0.0112106 secs] 1325K->1324K(253504K), [Metaspace: 8917K->8917K(1058816K)], 0.0113551 secs] [Times: user=0.03 sys=0.00, real=0.01 secs] 
1.413: [Full GC (Metadata GC Threshold) 1.413: [CMS: 1324K->1323K(174784K), 0.0114387 secs] 1324K->1323K(253504K), [Metaspace: 8917K->8917K(1058816K)], 0.0115751 secs] [Times: user=0.04 sys=0.00, real=0.02 secs] 
1.424: [Full GC (Last ditch collection) 1.424: [CMS: 1323K->1323K(174784K), 0.0111567 secs] 1323K->1323K(253504K), [Metaspace: 8917K->8917K(1058816K)], 0.0112908 secs] [Times: user=0.02 sys=0.00, real=0.01 secs] 
1.436: [GC (CMS Initial Mark) [1 CMS-initial-mark: 1323K(174784K)] 2023K(253504K), 0.0002663 secs] [Times: user=0.00 sys=0.00, real=0.00 secs] 
1.436: [CMS-concurrent-mark-start]
1.437: [Full GC (Metadata GC Threshold) 1.437: [CMS1.440: [CMS-concurrent-mark: 0.002/0.004 secs] [Times: user=0.01 sys=0.00, real=0.00 secs] 
 (concurrent mode failure): 1323K->1324K(174784K), 0.0134738 secs] 3400K->1324K(253504K), [Metaspace: 8917K->8917K(1058816K)], 0.0136052 secs] [Times: user=0.04 sys=0.00, real=0.01 secs] 
1.450: [Full GC (Last ditch collection) 1.450: [CMS: 1324K->1324K(174784K), 0.0117448 secs] 1324K->1324K(253504K), [Metaspace: 8917K->8917K(1058816K)], 0.0119094 secs] [Times: user=0.04 sys=0.00, real=0.01 secs] 
1.462: [Full GC (Metadata GC Threshold) 1.462: [CMS: 1324K->1318K(174784K), 0.0119562 secs] 1324K->1318K(253504K), [Metaspace: 8917K->8917K(1058816K)], 0.0120759 secs] [Times: user=0.04 sys=0.00, real=0.02 secs] 
1.475: [Full GC (Last ditch collection) 1.475: [CMS: 1318K->1318K(174784K), 0.0105307 secs] 1318K->1318K(253504K), [Metaspace: 8917K->8917K(1058816K)], 0.0106233 secs] [Times: user=0.03 sys=0.01, real=0.01 secs] 
1.485: [GC (CMS Initial Mark) [1 CMS-initial-mark: 1318K(174784K)] 1318K(253504K), 0.0003090 secs] [Times: user=0.00 sys=0.00, real=0.00 secs] 
1.486: [CMS-concurrent-mark-start]
1.486: [Full GC (Metadata GC Threshold) 1.486: [CMS1.491: [CMS-concurrent-mark: 0.004/0.005 secs] [Times: user=0.01 sys=0.00, real=0.00 secs] 
 (concurrent mode failure): 1318K->1319K(174784K), 0.0188656 secs] 2019K->1319K(253504K), [Metaspace: 8917K->8917K(1058816K)], 0.0191119 secs] [Times: user=0.05 sys=0.00, real=0.02 secs] 
1.505: [Full GC (Last ditch collection) 1.506: [CMS: 1319K->1318K(174784K), 0.0124759 secs] 1319K->1318K(253504K), [Metaspace: 8917K->8917K(1058816K)], 0.0133881 secs] [Times: user=0.03 sys=0.00, real=0.01 secs] 
1.519: [Full GC (Metadata GC Threshold) 1.519: [CMS: 1318K->1318K(174784K), 0.0135301 secs] 1318K->1318K(253504K), [Metaspace: 8917K->8917K(1058816K)], 0.0136572 secs] [Times: user=0.02 sys=0.00, real=0.01 secs] 
1.533: [Full GC (Last ditch collection) 1.533: [CMS: 1318K->1318K(174784K), 0.0130455 secs] 1318K->1318K(253504K), [Metaspace: 8917K->8917K(1058816K)], 0.0131684 secs] [Times: user=0.03 sys=0.00, real=0.02 secs] 
1.546: [GC (CMS Initial Mark) [1 CMS-initial-mark: 1318K(174784K)] 1318K(253504K), 0.0003482 secs] [Times: user=0.00 sys=0.00, real=0.00 secs] 
1.547: [CMS-concurrent-mark-start]
1.547: [Full GC (Metadata GC Threshold) 1.547: [CMS1.551: [CMS-concurrent-mark: 0.003/0.005 secs] [Times: user=0.02 sys=0.00, real=0.00 secs] 
 (concurrent mode failure): 1318K->1317K(174784K), 0.0177423 secs] 2695K->1317K(253504K), [Metaspace: 8921K->8921K(1058816K)], 0.0179212 secs] [Times: user=0.04 sys=0.00, real=0.02 secs] 
1.565: [Full GC (Last ditch collection) 1.565: [CMS: 1317K->1317K(174784K), 0.0128496 secs] 1317K->1317K(253504K), [Metaspace: 8921K->8921K(1058816K)], 0.0129799 secs] [Times: user=0.03 sys=0.00, real=0.01 secs] 
1.579: [Full GC (Metadata GC Threshold) 1.579: [CMS: 1317K->1318K(174784K), 0.0139992 secs] 2017K->1318K(253504K), [Metaspace: 8921K->8921K(1058816K)], 0.0141594 secs] [Times: user=0.03 sys=0.01, real=0.01 secs] 
1.593: [Full GC (Last ditch collection) 1.593: [CMS: 1318K->1317K(174784K), 0.0128197 secs] 1318K->1317K(253504K), [Metaspace: 8921K->8921K(1058816K)], 0.0129508 secs] [Times: user=0.02 sys=0.00, real=0.02 secs] 
1.606: [GC (CMS Initial Mark) [1 CMS-initial-mark: 1317K(174784K)] 1317K(253504K), 0.0002411 secs] [Times: user=0.00 sys=0.00, real=0.00 secs] 
1.607: [CMS-concurrent-mark-start]
1.607: [Full GC (Metadata GC Threshold) 1.607: [CMS1.611: [CMS-concurrent-mark: 0.003/0.005 secs] [Times: user=0.01 sys=0.00, real=0.00 secs] 
 (concurrent mode failure): 1317K->1317K(174784K), 0.0164537 secs] 1317K->1317K(253504K), [Metaspace: 8921K->8921K(1058816K)], 0.0165631 secs] [Times: user=0.03 sys=0.00, real=0.02 secs] 
1.624: [Full GC (Last ditch collection) 1.624: [CMS: 1317K->1317K(174784K), 0.0099001 secs] 1317K->1317K(253504K), [Metaspace: 8921K->8921K(1058816K)], 0.0100558 secs] [Times: user=0.02 sys=0.00, real=0.01 secs] 
1.635: [Full GC (Metadata GC Threshold) 1.635: [CMS: 1317K->1318K(174784K), 0.0104509 secs] 2017K->1318K(253504K), [Metaspace: 8921K->8921K(1058816K)], 0.0105838 secs] [Times: user=0.01 sys=0.00, real=0.01 secs] 
1.646: [Full GC (Last ditch collection) 1.646: [CMS: 1318K->1317K(174784K), 0.0099598 secs] 1318K->1317K(253504K), [Metaspace: 8921K->8921K(1058816K)], 0.0102032 secs] [Times: user=0.02 sys=0.00, real=0.01 secs] 
1.656: [GC (CMS Initial Mark) [1 CMS-initial-mark: 1317K(174784K)] 1317K(253504K), 0.0003351 secs] [Times: user=0.00 sys=0.00, real=0.00 secs] 
1.656: [CMS-concurrent-mark-start]
1.657: [Full GC (Metadata GC Threshold) 1.657: [CMS1.660: [CMS-concurrent-mark: 0.003/0.004 secs] [Times: user=0.01 sys=0.01, real=0.00 secs] 
 (concurrent mode failure): 1317K->1317K(174784K), 0.0138919 secs] 1317K->1317K(253504K), [Metaspace: 8921K->8921K(1058816K)], 0.0140193 secs] [Times: user=0.03 sys=0.01, real=0.01 secs] 
1.671: [Full GC (Last ditch collection) 1.671: [CMS: 1317K->1317K(174784K), 0.0095694 secs] 1317K->1317K(253504K), [Metaspace: 8921K->8921K(1058816K)], 0.0096695 secs] [Times: user=0.02 sys=0.00, real=0.01 secs] 
1.681: [Full GC (Metadata GC Threshold) 1.681: [CMS: 1317K->1318K(174784K), 0.0108681 secs] 2017K->1318K(253504K), [Metaspace: 8921K->8921K(1058816K)], 0.0110067 secs] [Times: user=0.02 sys=0.00, real=0.01 secs] 
1.692: [Full GC (Last ditch collection) 1.692: [CMS: 1318K->1317K(174784K), 0.0092223 secs] 1318K->1317K(253504K), [Metaspace: 8921K->8921K(1058816K)], 0.0093251 secs] [Times: user=0.02 sys=0.00, real=0.01 secs] 
1.701: [GC (CMS Initial Mark) [1 CMS-initial-mark: 1317K(174784K)] 1317K(253504K), 0.0002172 secs] [Times: user=0.00 sys=0.00, real=0.00 secs] 
1.702: [CMS-concurrent-mark-start]
1.702: [Full GC (Metadata GC Threshold) 1.702: [CMS1.706: [CMS-concurrent-mark: 0.003/0.004 secs] [Times: user=0.01 sys=0.00, real=0.01 secs] 
 (concurrent mode failure): 1317K->1317K(174784K), 0.0152882 secs] 1317K->1317K(253504K), [Metaspace: 8921K->8921K(1058816K)], 0.0153918 secs] [Times: user=0.03 sys=0.00, real=0.02 secs] 
1.717: [Full GC (Last ditch collection) 1.718: [CMS: 1317K->1317K(174784K), 0.0091001 secs] 1317K->1317K(253504K), [Metaspace: 8921K->8921K(1058816K)], 0.0091892 secs] [Times: user=0.01 sys=0.00, real=0.01 secs] 
1.727: [Full GC (Metadata GC Threshold) 1.727: [CMS: 1317K->1318K(174784K), 0.0096379 secs] 2017K->1318K(253504K), [Metaspace: 8921K->8921K(1058816K)], 0.0097333 secs] [Times: user=0.01 sys=0.00, real=0.01 secs] 
1.737: [Full GC (Last ditch collection) 1.737: [CMS: 1318K->1317K(174784K), 0.0092734 secs] 1318K->1317K(253504K), [Metaspace: 8921K->8921K(1058816K)], 0.0094012 secs] [Times: user=0.01 sys=0.00, real=0.01 secs] 
1.747: [GC (CMS Initial Mark) [1 CMS-initial-mark: 1317K(174784K)] 1317K(253504K), 0.0002324 secs] [Times: user=0.00 sys=0.00, real=0.00 secs] 
1.747: [CMS-concurrent-mark-start]
1.747: [Full GC (Metadata GC Threshold) 1.747: [CMS1.750: [CMS-concurrent-mark: 0.002/0.003 secs] [Times: user=0.01 sys=0.00, real=0.00 secs] 
 (concurrent mode failure): 1317K->1317K(174784K), 0.0117566 secs] 2693K->1317K(253504K), [Metaspace: 8935K->8935K(1058816K)], 0.0118661 secs] [Times: user=0.02 sys=0.00, real=0.01 secs] 
1.759: [Full GC (Last ditch collection) 1.759: [CMS: 1317K->1317K(174784K), 0.0089161 secs] 1317K->1317K(253504K), [Metaspace: 8935K->8935K(1058816K)], 0.0090109 secs] [Times: user=0.01 sys=0.00, real=0.01 secs] 
1.769: [Full GC (Metadata GC Threshold) 1.769: [CMS: 1317K->1318K(174784K), 0.0101785 secs] 2017K->1318K(253504K), [Metaspace: 8935K->8935K(1058816K)], 0.0102835 secs] [Times: user=0.02 sys=0.00, real=0.01 secs] 
1.779: [Full GC (Last ditch collection) 1.779: [CMS: 1318K->1317K(174784K), 0.0096069 secs] 1318K->1317K(253504K), [Metaspace: 8935K->8935K(1058816K)], 0.0098357 secs] [Times: user=0.01 sys=0.00, real=0.01 secs] 
1.790: [GC (CMS Initial Mark) [1 CMS-initial-mark: 1317K(174784K)] 1317K(253504K), 0.0002294 secs] [Times: user=0.00 sys=0.00, real=0.00 secs] 
1.790: [CMS-concurrent-mark-start]
1.790: [Full GC (Metadata GC Threshold) 1.790: [CMS1.793: [CMS-concurrent-mark: 0.002/0.003 secs] [Times: user=0.00 sys=0.00, real=0.01 secs] 
 (concurrent mode failure): 1317K->1317K(174784K), 0.0124337 secs] 1317K->1317K(253504K), [Metaspace: 8935K->8935K(1058816K)], 0.0125518 secs] [Times: user=0.01 sys=0.00, real=0.01 secs] 
1.803: [Full GC (Last ditch collection) 1.803: [CMS: 1317K->1317K(174784K), 0.0095500 secs] 1317K->1317K(253504K), [Metaspace: 8935K->8935K(1058816K)], 0.0096376 secs] [Times: user=0.01 sys=0.00, real=0.01 secs] 
1.813: [Full GC (Metadata GC Threshold) 1.813: [CMS: 1317K->1318K(174784K), 0.0095138 secs] 2017K->1318K(253504K), [Metaspace: 8935K->8935K(1058816K)], 0.0096131 secs] [Times: user=0.01 sys=0.00, real=0.00 secs] 
1.823: [Full GC (Last ditch collection) 1.823: [CMS: 1318K->1317K(174784K), 0.0091230 secs] 1318K->1317K(253504K), [Metaspace: 8935K->8935K(1058816K)], 0.0092389 secs] [Times: user=0.01 sys=0.00, real=0.01 secs] 
1.832: [GC (CMS Initial Mark) [1 CMS-initial-mark: 1317K(174784K)] 1317K(253504K), 0.0002168 secs] [Times: user=0.00 sys=0.00, real=0.00 secs] 
1.833: [CMS-concurrent-mark-start]
1.833: [Full GC (Metadata GC Threshold) 1.833: [CMS1.836: [CMS-concurrent-mark: 0.002/0.003 secs] [Times: user=0.01 sys=0.00, real=0.01 secs] 
 (concurrent mode failure): 1317K->1317K(174784K), 0.0130485 secs] 2693K->1317K(253504K), [Metaspace: 8936K->8936K(1058816K)], 0.0131328 secs] [Times: user=0.02 sys=0.00, real=0.02 secs] 
1.846: [Full GC (Last ditch collection) 1.846: [CMS: 1317K->1317K(174784K), 0.0089204 secs] 1317K->1317K(253504K), [Metaspace: 8936K->8936K(1058816K)], 0.0090272 secs] [Times: user=0.01 sys=0.00, real=0.01 secs] 
1.855: [Full GC (Metadata GC Threshold) 1.855: [CMS: 1317K->1318K(174784K), 0.0091667 secs] 3394K->1318K(253504K), [Metaspace: 8941K->8941K(1058816K)], 0.0092700 secs] [Times: user=0.01 sys=0.00, real=0.01 secs] 
1.865: [Full GC (Last ditch collection) 1.865: [CMS: 1318K->1318K(174784K), 0.0090181 secs] 1318K->1318K(253504K), [Metaspace: 8941K->8941K(1058816K)], 0.0091187 secs] [Times: user=0.01 sys=0.00, real=0.01 secs] 
1.874: [GC (CMS Initial Mark) [1 CMS-initial-mark: 1318K(174784K)] 1318K(253504K), 0.0002453 secs] [Times: user=0.00 sys=0.00, real=0.00 secs] 
1.874: [CMS-concurrent-mark-start]
1.875: [Full GC (Metadata GC Threshold) 1.875: [CMS1.878: [CMS-concurrent-mark: 0.002/0.004 secs] [Times: user=0.00 sys=0.00, real=0.00 secs] 
 (concurrent mode failure): 1318K->1318K(174784K), 0.0124492 secs] 1318K->1318K(253504K), [Metaspace: 8941K->8941K(1058816K)], 0.0125484 secs] [Times: user=0.01 sys=0.01, real=0.01 secs] 
1.887: [Full GC (Last ditch collection) 1.887: [CMS: 1318K->1318K(174784K), 0.0089212 secs] 1318K->1318K(253504K), [Metaspace: 8941K->8941K(1058816K)], 0.0090496 secs] [Times: user=0.01 sys=0.00, real=0.01 secs] 
1.897: [Full GC (Metadata GC Threshold) 1.897: [CMS: 1318K->1318K(174784K), 0.0083447 secs] 1318K->1318K(253504K), [Metaspace: 8941K->8941K(1058816K)], 0.0084492 secs] [Times: user=0.01 sys=0.00, real=0.01 secs] 
1.905: [Full GC (Last ditch collection) 1.905: [CMS: 1318K->1318K(174784K), 0.0084709 secs] 1318K->1318K(253504K), [Metaspace: 8941K->8941K(1058816K)], 0.0085587 secs] [Times: user=0.01 sys=0.00, real=0.01 secs] 
1.914: [Full GC (Metadata GC Threshold) 1.914: [CMS (concurrent mode failure): 1318K->1318K(174784K), 0.0089148 secs] 1318K->1318K(253504K), [Metaspace: 8941K->8941K(1058816K)], 0.0090451 secs] [Times: user=0.01 sys=0.00, real=0.01 secs] 
1.923: [Full GC (Last ditch collection) 1.923: [CMS: 1318K->1318K(174784K), 0.0104653 secs] 1318K->1318K(253504K), [Metaspace: 8941K->8941K(1058816K)], 0.0105819 secs] [Times: user=0.01 sys=0.00, real=0.01 secs] 
1.934: [Full GC (Metadata GC Threshold) 1.934: [CMS: 1318K->1318K(174784K), 0.0114585 secs] 2018K->1318K(253504K), [Metaspace: 8941K->8941K(1058816K)], 0.0115813 secs] [Times: user=0.01 sys=0.00, real=0.01 secs] 
1.946: [Full GC (Last ditch collection) 1.946: [CMS: 1318K->1318K(174784K), 0.0104298 secs] 1318K->1318K(253504K), [Metaspace: 8941K->8941K(1058816K)], 0.0105384 secs] [Times: user=0.01 sys=0.00, real=0.01 secs] 
1.956: [GC (CMS Initial Mark) [1 CMS-initial-mark: 1318K(174784K)] 1318K(253504K), 0.0006129 secs] [Times: user=0.00 sys=0.00, real=0.00 secs] 
1.957: [CMS-concurrent-mark-start]
1.957: [Full GC (Metadata GC Threshold) 1.957: [CMS1.961: [CMS-concurrent-mark: 0.002/0.004 secs] [Times: user=0.01 sys=0.00, real=0.00 secs] 
 (concurrent mode failure): 1318K->1318K(174784K), 0.0138225 secs] 1318K->1318K(253504K), [Metaspace: 8941K->8941K(1058816K)], 0.0139936 secs] [Times: user=0.02 sys=0.00, real=0.01 secs] 
1.972: [Full GC (Last ditch collection) 1.972: [CMS: 1318K->1318K(174784K), 0.0093468 secs] 1318K->1318K(253504K), [Metaspace: 8941K->8941K(1058816K)], 0.0094515 secs] [Times: user=0.01 sys=0.00, real=0.01 secs] 
1.981: [Full GC (Metadata GC Threshold) 1.981: [CMS: 1318K->1318K(174784K), 0.0092070 secs] 2018K->1318K(253504K), [Metaspace: 8941K->8941K(1058816K)], 0.0093104 secs] [Times: user=0.01 sys=0.00, real=0.01 secs] 
1.991: [Full GC (Last ditch collection) 1.991: [CMS: 1318K->1318K(174784K), 0.0083354 secs] 1318K->1318K(253504K), [Metaspace: 8941K->8941K(1058816K)], 0.0084125 secs] [Times: user=0.01 sys=0.00, real=0.01 secs] 
1.999: [Full GC (Metadata GC Threshold) 1.999: [CMS: 1318K->1318K(174784K), 0.0084286 secs] 1318K->1318K(253504K), [Metaspace: 8941K->8941K(1058816K)], 0.0085145 secs] [Times: user=0.01 sys=0.00, real=0.01 secs] 
2.008: [Full GC (Last ditch collection) 2.008: [CMS: 1318K->1318K(174784K), 0.0082849 secs] 1318K->1318K(253504K), [Metaspace: 8941K->8941K(1058816K)], 0.0083929 secs] [Times: user=0.01 sys=0.00, real=0.01 secs] 
2.016: [GC (CMS Initial Mark) [1 CMS-initial-mark: 1318K(174784K)] 2018K(253504K), 0.0002208 secs] [Times: user=0.00 sys=0.00, real=0.00 secs] 
2.017: [CMS-concurrent-mark-start]
2.017: [Full GC (Metadata GC Threshold) 2.017: [CMS2.020: [CMS-concurrent-mark: 0.002/0.003 secs] [Times: user=0.00 sys=0.00, real=0.00 secs] 
 (concurrent mode failure): 1318K->1318K(174784K), 0.0115750 secs] 3394K->1318K(253504K), [Metaspace: 8942K->8942K(1058816K)], 0.0116752 secs] [Times: user=0.01 sys=0.00, real=0.01 secs] 
2.029: [Full GC (Last ditch collection) 2.029: [CMS: 1318K->1318K(174784K), 0.0079035 secs] 1318K->1318K(253504K), [Metaspace: 8942K->8942K(1058816K)], 0.0079928 secs] [Times: user=0.01 sys=0.00, real=0.01 secs] 
2.037: [Full GC (Metadata GC Threshold) 2.037: [CMS: 1318K->1317K(174784K), 0.0084611 secs] 1318K->1317K(253504K), [Metaspace: 8942K->8942K(1058816K)], 0.0085617 secs] [Times: user=0.01 sys=0.00, real=0.01 secs] 
2.046: [Full GC (Last ditch collection) 2.046: [CMS: 1317K->1317K(174784K), 0.0080413 secs] 1317K->1317K(253504K), [Metaspace: 8942K->8942K(1058816K)], 0.0081873 secs] [Times: user=0.01 sys=0.00, real=0.01 secs] 
2.054: [GC (CMS Initial Mark) [1 CMS-initial-mark: 1317K(174784K)] 1317K(253504K), 0.0003336 secs] [Times: user=0.00 sys=0.00, real=0.00 secs] 
2.054: [CMS-concurrent-mark-start]
2.055: [Full GC (Metadata GC Threshold) 2.055: [CMS2.059: [CMS-concurrent-mark: 0.003/0.004 secs] [Times: user=0.01 sys=0.00, real=0.00 secs] 
 (concurrent mode failure): 1317K->1318K(174784K), 0.0130399 secs] 2017K->1318K(253504K), [Metaspace: 8942K->8942K(1058816K)], 0.0132014 secs] [Times: user=0.02 sys=0.00, real=0.01 secs] 
2.068: [Full GC (Last ditch collection) 2.068: [CMS: 1318K->1317K(174784K), 0.0076532 secs] 1318K->1317K(253504K), [Metaspace: 8942K->8942K(1058816K)], 0.0077431 secs] [Times: user=0.01 sys=0.00, real=0.01 secs] 
2.076: [Full GC (Metadata GC Threshold) 2.076: [CMS: 1317K->1317K(174784K), 0.0082549 secs] 1317K->1317K(253504K), [Metaspace: 8942K->8942K(1058816K)], 0.0083845 secs] [Times: user=0.01 sys=0.00, real=0.01 secs] 
2.085: [Full GC (Last ditch collection) 2.085: [CMS: 1317K->1317K(174784K), 0.0076669 secs] 1317K->1317K(253504K), [Metaspace: 8942K->8942K(1058816K)], 0.0077561 secs] [Times: user=0.00 sys=0.00, real=0.00 secs] 
2.093: [GC (CMS Initial Mark) [1 CMS-initial-mark: 1317K(174784K)] 2017K(253504K), 0.0002111 secs] [Times: user=0.00 sys=0.00, real=0.01 secs] 
2.093: [CMS-concurrent-mark-start]
2.093: [Full GC (Metadata GC Threshold) 2.093: [CMS2.096: [CMS-concurrent-mark: 0.002/0.003 secs] [Times: user=0.01 sys=0.00, real=0.00 secs] 
 (concurrent mode failure): 1317K->1318K(174784K), 0.0101686 secs] 3393K->1318K(253504K), [Metaspace: 8944K->8944K(1058816K)], 0.0102664 secs] [Times: user=0.01 sys=0.00, real=0.01 secs] 
2.104: [Full GC (Last ditch collection) 2.104: [CMS: 1318K->1317K(174784K), 0.0074298 secs] 1318K->1317K(253504K), [Metaspace: 8944K->8944K(1058816K)], 0.0075149 secs] [Times: user=0.01 sys=0.00, real=0.00 secs] 
2.112: [Full GC (Metadata GC Threshold) 2.112: [CMS: 1317K->1317K(174784K), 0.0073810 secs] 1317K->1317K(253504K), [Metaspace: 8944K->8944K(1058816K)], 0.0074769 secs] [Times: user=0.01 sys=0.00, real=0.01 secs] 
2.119: [Full GC (Last ditch collection) 2.119: [CMS: 1317K->1317K(174784K), 0.0077004 secs] 1317K->1317K(253504K), [Metaspace: 8944K->8944K(1058816K)], 0.0077844 secs] [Times: user=0.00 sys=0.00, real=0.01 secs] 
2.127: [GC (CMS Initial Mark) [1 CMS-initial-mark: 1317K(174784K)] 2017K(253504K), 0.0002469 secs] [Times: user=0.00 sys=0.00, real=0.00 secs] 
2.127: [CMS-concurrent-mark-start]
2.128: [Full GC (Metadata GC Threshold) 2.128: [CMS2.130: [CMS-concurrent-mark: 0.002/0.003 secs] [Times: user=0.01 sys=0.00, real=0.00 secs] 
 (concurrent mode failure): 1317K->1318K(174784K), 0.0097579 secs] 2017K->1318K(253504K), [Metaspace: 8944K->8944K(1058816K)], 0.0098778 secs] [Times: user=0.01 sys=0.00, real=0.01 secs] 
2.138: [Full GC (Last ditch collection) 2.138: [CMS: 1318K->1317K(174784K), 0.0070868 secs] 1318K->1317K(253504K), [Metaspace: 8944K->8944K(1058816K)], 0.0071656 secs] [Times: user=0.00 sys=0.00, real=0.01 secs] 
2.145: [Full GC (Metadata GC Threshold) 2.145: [CMS: 1317K->1317K(174784K), 0.0076195 secs] 1317K->1317K(253504K), [Metaspace: 8944K->8944K(1058816K)], 0.0077090 secs] [Times: user=0.01 sys=0.00, real=0.00 secs] 
2.153: [Full GC (Last ditch collection) 2.153: [CMS: 1317K->1317K(174784K), 0.0077386 secs] 1317K->1317K(253504K), [Metaspace: 8944K->8944K(1058816K)], 0.0078173 secs] [Times: user=0.01 sys=0.00, real=0.01 secs] 
2.161: [GC (CMS Initial Mark) [1 CMS-initial-mark: 1317K(174784K)] 2017K(253504K), 0.0001993 secs] [Times: user=0.00 sys=0.00, real=0.00 secs] 
2.161: [CMS-concurrent-mark-start]
2.161: [Full GC (Metadata GC Threshold) 2.161: [CMS2.164: [CMS-concurrent-mark: 0.002/0.003 secs] [Times: user=0.01 sys=0.00, real=0.01 secs] 
 (concurrent mode failure): 1317K->1307K(174784K), 0.0107281 secs] 3394K->1307K(253504K), [Metaspace: 8944K->8944K(1058816K)], 0.0108351 secs] [Times: user=0.01 sys=0.00, real=0.01 secs] 
2.172: [Full GC (Last ditch collection) 2.172: [CMS: 1307K->1306K(174784K), 0.0074213 secs] 1307K->1306K(253504K), [Metaspace: 8944K->8944K(1058816K)], 0.0075057 secs] [Times: user=0.01 sys=0.00, real=0.01 secs] 
2.180: [Full GC (Metadata GC Threshold) 2.180: [CMS: 1306K->1306K(174784K), 0.0078942 secs] 1306K->1306K(253504K), [Metaspace: 8944K->8944K(1058816K)], 0.0080162 secs] [Times: user=0.01 sys=0.00, real=0.01 secs] 
2.188: [Full GC (Last ditch collection) 2.188: [CMS: 1306K->1306K(174784K), 0.0074837 secs] 1306K->1306K(253504K), [Metaspace: 8944K->8944K(1058816K)], 0.0075623 secs] [Times: user=0.01 sys=0.01, real=0.01 secs] 
2.196: [GC (CMS Initial Mark) [1 CMS-initial-mark: 1306K(174784K)] 2007K(253504K), 0.0002204 secs] [Times: user=0.00 sys=0.00, real=0.00 secs] 
2.196: [CMS-concurrent-mark-start]
2.196: [Full GC (Metadata GC Threshold) 2.196: [CMS2.199: [CMS-concurrent-mark: 0.002/0.003 secs] [Times: user=0.00 sys=0.00, real=0.00 secs] 
 (concurrent mode failure): 1306K->1307K(174784K), 0.0104445 secs] 2007K->1307K(253504K), [Metaspace: 8944K->8944K(1058816K)], 0.0105397 secs] [Times: user=0.01 sys=0.00, real=0.01 secs] 
2.207: [Full GC (Last ditch collection) 2.207: [CMS: 1307K->1306K(174784K), 0.0071187 secs] 1307K->1306K(253504K), [Metaspace: 8944K->8944K(1058816K)], 0.0072025 secs] [Times: user=0.01 sys=0.00, real=0.01 secs] 
2.214: [Full GC (Metadata GC Threshold) 2.214: [CMS: 1306K->1306K(174784K), 0.0080854 secs] 1306K->1306K(253504K), [Metaspace: 8944K->8944K(1058816K)], 0.0081956 secs] [Times: user=0.01 sys=0.00, real=0.00 secs] 
2.223: [Full GC (Last ditch collection) 2.223: [CMS: 1306K->1306K(174784K), 0.0078250 secs] 1306K->1306K(253504K), [Metaspace: 8944K->8944K(1058816K)], 0.0079067 secs] [Times: user=0.00 sys=0.00, real=0.01 secs] 
2.231: [GC (CMS Initial Mark) [1 CMS-initial-mark: 1306K(174784K)] 2007K(253504K), 0.0002246 secs] [Times: user=0.00 sys=0.00, real=0.00 secs] 
2.231: [CMS-concurrent-mark-start]
2.231: [Full GC (Metadata GC Threshold) 2.231: [CMS2.234: [CMS-concurrent-mark: 0.002/0.003 secs] [Times: user=0.00 sys=0.00, real=0.01 secs] 
 (concurrent mode failure): 1306K->1307K(174784K), 0.0123629 secs] 3407K->1307K(253504K), [Metaspace: 8944K->8944K(1058816K)], 0.0125240 secs] [Times: user=0.01 sys=0.00, real=0.02 secs] 
2.244: [Full GC (Last ditch collection) 2.244: [CMS: 1307K->1307K(174784K), 0.0087137 secs] 1307K->1307K(253504K), [Metaspace: 8944K->8944K(1058816K)], 0.0088128 secs] [Times: user=0.01 sys=0.00, real=0.00 secs] 
2.253: [Full GC (Metadata GC Threshold) 2.253: [CMS: 1307K->1307K(174784K), 0.0093445 secs] 1307K->1307K(253504K), [Metaspace: 8944K->8944K(1058816K)], 0.0094800 secs] [Times: user=0.01 sys=0.00, real=0.01 secs] 
2.263: [Full GC (Last ditch collection) 2.263: [CMS: 1307K->1307K(174784K), 0.0091855 secs] 1307K->1307K(253504K), [Metaspace: 8944K->8944K(1058816K)], 0.0093043 secs] [Times: user=0.01 sys=0.00, real=0.01 secs] 
2.272: [GC (CMS Initial Mark) [1 CMS-initial-mark: 1307K(174784K)] 2007K(253504K), 0.0002388 secs] [Times: user=0.00 sys=0.00, real=0.00 secs] 
2.272: [CMS-concurrent-mark-start]
2.273: [Full GC (Metadata GC Threshold) 2.273: [CMS2.276: [CMS-concurrent-mark: 0.002/0.003 secs] [Times: user=0.00 sys=0.00, real=0.01 secs] 
 (concurrent mode failure): 1307K->1308K(174784K), 0.0130825 secs] 3407K->1308K(253504K), [Metaspace: 8949K->8949K(1058816K)], 0.0132255 secs] [Times: user=0.01 sys=0.00, real=0.02 secs] 
2.286: [Full GC (Last ditch collection) 2.286: [CMS: 1308K->1307K(174784K), 0.0114568 secs] 1308K->1307K(253504K), [Metaspace: 8949K->8949K(1058816K)], 0.0115744 secs] [Times: user=0.01 sys=0.00, real=0.01 secs] 
2.298: [Full GC (Metadata GC Threshold) 2.298: [CMS: 1307K->1307K(174784K), 0.0100671 secs] 1307K->1307K(253504K), [Metaspace: 8949K->8949K(1058816K)], 0.0102189 secs] [Times: user=0.01 sys=0.00, real=0.01 secs] 
2.308: [Full GC (Last ditch collection) 2.308: [CMS: 1307K->1307K(174784K), 0.0087158 secs] 1307K->1307K(253504K), [Metaspace: 8949K->8949K(1058816K)], 0.0088102 secs] [Times: user=0.01 sys=0.00, real=0.01 secs] 
2.317: [GC (CMS Initial Mark) [1 CMS-initial-mark: 1307K(174784K)] 2007K(253504K), 0.0002266 secs] [Times: user=0.00 sys=0.00, real=0.00 secs] 
2.318: [CMS-concurrent-mark-start]
2.318: [Full GC (Metadata GC Threshold) 2.318: [CMS2.321: [CMS-concurrent-mark: 0.002/0.003 secs] [Times: user=0.01 sys=0.00, real=0.00 secs] 
 (concurrent mode failure): 1307K->1308K(174784K), 0.0117314 secs] 2007K->1308K(253504K), [Metaspace: 8949K->8949K(1058816K)], 0.0118331 secs] [Times: user=0.02 sys=0.00, real=0.01 secs] 
2.330: [Full GC (Last ditch collection) 2.330: [CMS: 1308K->1307K(174784K), 0.0087138 secs] 1308K->1307K(253504K), [Metaspace: 8949K->8949K(1058816K)], 0.0088168 secs] [Times: user=0.01 sys=0.00, real=0.01 secs] 
2.339: [Full GC (Metadata GC Threshold) 2.339: [CMS: 1307K->1307K(174784K), 0.0085109 secs] 1307K->1307K(253504K), [Metaspace: 8949K->8949K(1058816K)], 0.0086140 secs] [Times: user=0.01 sys=0.00, real=0.01 secs] 
2.348: [Full GC (Last ditch collection) 2.348: [CMS: 1307K->1307K(174784K), 0.0084817 secs] 1307K->1307K(253504K), [Metaspace: 8949K->8949K(1058816K)], 0.0085740 secs] [Times: user=0.00 sys=0.00, real=0.01 secs] 
2.356: [GC (CMS Initial Mark) [1 CMS-initial-mark: 1307K(174784K)] 1307K(253504K), 0.0001819 secs] [Times: user=0.00 sys=0.00, real=0.00 secs] 
2.357: [CMS-concurrent-mark-start]
2.357: [Full GC (Metadata GC Threshold) 2.357: [CMS2.360: [CMS-concurrent-mark: 0.002/0.003 secs] [Times: user=0.01 sys=0.00, real=0.00 secs] 
 (concurrent mode failure): 1307K->1308K(174784K), 0.0116343 secs] 2007K->1308K(253504K), [Metaspace: 8949K->8949K(1058816K)], 0.0117873 secs] [Times: user=0.02 sys=0.00, real=0.01 secs] 
2.369: [Full GC (Last ditch collection) 2.369: [CMS: 1308K->1307K(174784K), 0.0092663 secs] 1308K->1307K(253504K), [Metaspace: 8949K->8949K(1058816K)], 0.0093606 secs] [Times: user=0.01 sys=0.00, real=0.01 secs] 
2.378: [Full GC (Metadata GC Threshold) 2.378: [CMS: 1307K->1307K(174784K), 0.0089827 secs] 2707K->1307K(253504K), [Metaspace: 8949K->8949K(1058816K)], 0.0091121 secs] [Times: user=0.01 sys=0.00, real=0.01 secs] 
2.387: [Full GC (Last ditch collection) 2.387: [CMS: 1307K->1307K(174784K), 0.0083513 secs] 1307K->1307K(253504K), [Metaspace: 8949K->8949K(1058816K)], 0.0084308 secs] [Times: user=0.01 sys=0.00, real=0.01 secs] 
2.396: [GC (CMS Initial Mark) [1 CMS-initial-mark: 1307K(174784K)] 2707K(253504K), 0.0001596 secs] [Times: user=0.00 sys=0.00, real=0.00 secs] 
2.396: [CMS-concurrent-mark-start]
2.396: [Full GC (Metadata GC Threshold) 2.396: [CMS2.400: [CMS-concurrent-mark: 0.002/0.004 secs] [Times: user=0.00 sys=0.00, real=0.00 secs] 
 (concurrent mode failure): 1307K->1308K(174784K), 0.0120959 secs] 3407K->1308K(253504K), [Metaspace: 8950K->8950K(1058816K)], 0.0121883 secs] [Times: user=0.01 sys=0.00, real=0.01 secs] 
2.409: [Full GC (Last ditch collection) 2.409: [CMS: 1308K->1307K(174784K), 0.0093871 secs] 1308K->1307K(253504K), [Metaspace: 8950K->8950K(1058816K)], 0.0094872 secs] [Times: user=0.01 sys=0.00, real=0.01 secs] 
2.419: [Full GC (Metadata GC Threshold) 2.419: [CMS: 1307K->1307K(174784K), 0.0099398 secs] 1307K->1307K(253504K), [Metaspace: 8950K->8950K(1058816K)], 0.0100502 secs] [Times: user=0.01 sys=0.00, real=0.01 secs] 
2.429: [Full GC (Last ditch collection) 2.429: [CMS: 1307K->1307K(174784K), 0.0088339 secs] 1307K->1307K(253504K), [Metaspace: 8950K->8950K(1058816K)], 0.0089367 secs] [Times: user=0.01 sys=0.00, real=0.01 secs] 
2.438: [GC (CMS Initial Mark) [1 CMS-initial-mark: 1307K(174784K)] 2007K(253504K), 0.0002284 secs] [Times: user=0.00 sys=0.01, real=0.00 secs] 
2.438: [CMS-concurrent-mark-start]
2.438: [Full GC (Metadata GC Threshold) 2.438: [CMS2.442: [CMS-concurrent-mark: 0.002/0.004 secs] [Times: user=0.01 sys=0.00, real=0.00 secs] 
 (concurrent mode failure): 1307K->1308K(174784K), 0.0134349 secs] 3407K->1308K(253504K), [Metaspace: 8951K->8951K(1058816K)], 0.0135439 secs] [Times: user=0.02 sys=0.00, real=0.01 secs] 
2.452: [Full GC (Last ditch collection) 2.452: [CMS: 1308K->1307K(174784K), 0.0096830 secs] 1308K->1307K(253504K), [Metaspace: 8951K->8951K(1058816K)], 0.0097785 secs] [Times: user=0.00 sys=0.00, real=0.01 secs] 
Heap
 par new generation   total 78720K, used 0K [0x00000006ffe00000, 0x0000000705360000, 0x0000000733e00000)
  eden space 70016K,   0% used [0x00000006ffe00000, 0x00000006ffe00000, 0x0000000704260000)
  from space 8704K,   0% used [0x0000000704260000, 0x0000000704260000, 0x0000000704ae0000)
  to   space 8704K,   0% used [0x0000000704ae0000, 0x0000000704ae0000, 0x0000000705360000)
 concurrent mark-sweep generation total 174784K, used 1307K [0x0000000733e00000, 0x000000073e8b0000, 0x00000007ffe00000)
 Metaspace       used 8951K, capacity 10102K, committed 10240K, reserved 1058816K
  class space    used 754K, capacity 809K, committed 896K, reserved 1048576K
2.462: [Full GC (Metadata GC Threshold) 2.462: [CMS: 1307K->1307K(174784K), 0.0087631 secs] 1307K->1307K(253504K), [Metaspace: 8951K->8951K(1058816K)], 0.0088698 secs] [Times: user=0.00 sys=0.00, real=0.01 secs] 
2.471: [Full GC (Last ditch collection) 2.471: [CMS: 1307K->1307K(174784K), 0.0088548 secs] 1307K->1307K(253504K), [Metaspace: 8951K->8951K(1058816K)], 0.0089508 secs] [Times: user=0.01 sys=0.00, real=0.01 secs] 
2.480: [GC (CMS Initial Mark) [1 CMS-initial-mark: 1307K(174784K)] 2007K(253504K), 0.0002289 secs] [Times: user=0.00 sys=0.00, real=0.00 secs] 
2.480: [CMS-concurrent-mark-start]
2.481: [Full GC (Metadata GC Threshold) 2.481: [CMS2.484: [CMS-concurrent-mark: 0.002/0.003 secs] [Times: user=0.01 sys=0.00, real=0.01 secs] 
 (concurrent mode failure): 1307K->1308K(174784K), 0.0127645 secs] 2007K->1308K(253504K), [Metaspace: 8951K->8951K(1058816K)], 0.0128951 secs] [Times: user=0.02 sys=0.00, real=0.02 secs] 
2.494: [Full GC (Last ditch collection) 2.494: [CMS: 1308K->1307K(174784K), 0.0105421 secs] 1308K->1307K(253504K), [Metaspace: 8951K->8951K(1058816K)], 0.0106690 secs] [Times: user=0.01 sys=0.00, real=0.01 secs] 
2.505: [Full GC (Metadata GC Threshold) 2.505: [CMS: 1307K->1307K(174784K), 0.0129371 secs] 1307K->1307K(253504K), [Metaspace: 8951K->8951K(1058816K)], 0.0130531 secs] [Times: user=0.02 sys=0.00, real=0.01 secs] 
2.518: [Full GC (Last ditch collection) 2.518: [CMS: 1307K->1307K(174784K), 0.0118821 secs] 1307K->1307K(253504K), [Metaspace: 8951K->8951K(1058816K)], 0.0119849 secs] [Times: user=0.02 sys=0.00, real=0.01 secs] 
2.530: [GC (CMS Initial Mark) [1 CMS-initial-mark: 1307K(174784K)] 1307K(253504K), 0.0002294 secs] [Times: user=0.00 sys=0.00, real=0.00 secs] 
2.530: [CMS-concurrent-mark-start]
2.531: [Full GC (Metadata GC Threshold) 2.531: [CMS2.534: [CMS-concurrent-mark: 0.003/0.004 secs] [Times: user=0.01 sys=0.00, real=0.01 secs] 
 (concurrent mode failure): 1307K->1308K(174784K), 0.0138076 secs] 2007K->1308K(253504K), [Metaspace: 8951K->8951K(1058816K)], 0.0139110 secs] [Times: user=0.03 sys=0.00, real=0.02 secs] 
2.545: [Full GC (Last ditch collection) 2.545: [CMS: 1308K->1307K(174784K), 0.0093858 secs] 1308K->1307K(253504K), [Metaspace: 8951K->8951K(1058816K)], 0.0094752 secs] [Times: user=0.01 sys=0.00, real=0.01 secs] 
